// Vitest Snapshot v1, https://vitest.dev/guide/snapshot.html

exports[`CarouselStaticImage > matches snapshot 1`] = `
<div>
  <a
    class="absolute inset-0"
    data-discover="true"
    href="/product/seal-ctd/tracks?region=POLAR&date=20250101"
  >
    <img
      alt="SealCTD"
      class="border-imos-calypso-blue/60 h-full w-full rounded-t-xl border-x border-t border-solid object-contain"
      src="https://example.com/image.gif"
    />
  </a>
</div>
`;
